stack : 
At line:1 char:1
+ stack test 2>&1 | Tee-Object -FilePath test-output.txt | Select-Objec ...
+ ~~~~~~~~~~~~~~~
    + CategoryInfo          : NotSpecified: (:String) [], RemoteException
    + FullyQualifiedErrorId : NativeCommandError
 
Warning: Stack has not been tested with GHC versions 9.10 and above, and using 9.10.3, this may
         fail.

Warning: Stack has not been tested with Cabal versions 3.12 and above, but version 3.12.1.0 was
         found, this may fail.
ha-file-viewer> build (lib + exe + test) with ghc-9.10.3
Preprocessing library for ha-file-viewer-0.1.0.0...
Building library for ha-file-viewer-0.1.0.0...
Preprocessing executable 'ha-file-viewer-cui' for ha-file-viewer-0.1.0.0...
Building executable 'ha-file-viewer-cui' for ha-file-viewer-0.1.0.0...
[3 of 3] Linking .stack-work\dist\1a191874\build\ha-file-viewer-cui\ha-file-viewer-cui.exe [Library changed]
Preprocessing test suite 'ha-file-viewer-test' for ha-file-viewer-0.1.0.0...
Building test suite 'ha-file-viewer-test' for ha-file-viewer-0.1.0.0...
[3 of 3] Linking .stack-work\dist\1a191874\build\ha-file-viewer-test\ha-file-viewer-test.exe [Library changed]
Preprocessing test suite 'ha-file-viewer-test2' for ha-file-viewer-0.1.0.0...
Building test suite 'ha-file-viewer-test2' for ha-file-viewer-0.1.0.0...
[3 of 3] Linking .stack-work\dist\1a191874\build\ha-file-viewer-test2\ha-file-viewer-test2.exe [Library changed]
Preprocessing executable 'ha-file-viewer-web' for ha-file-viewer-0.1.0.0...
Building executable 'ha-file-viewer-web' for ha-file-viewer-0.1.0.0...
[3 of 3] Linking .stack-work\dist\1a191874\build\ha-file-viewer-web\ha-file-viewer-web.exe [Library changed]
ha-file-viewer> copy/register
Installing library in C:\GitHub\HaFileViewer.Stack\.stack-work\install\15e8c025\lib\x86_64-windows-ghc-9.10.3-b42a\ha-file-viewer-0.1.0.0-Cvs4MsbeAUjFGuzjXdlLHu
Installing executable ha-file-viewer-cui in C:\GitHub\HaFileViewer.Stack\.stack-work\install\15e8c025\bin
Installing executable ha-file-viewer-web in C:\GitHub\HaFileViewer.Stack\.stack-work\install\15e8c025\bin
Registering library for ha-file-viewer-0.1.0.0...
ha-file-viewer> test (suite: ha-file-viewer-test)


HaFileViewer.LineMap
  returns correct slice and supports negative indexing [v]
  returns empty list for empty file [v]
  start beyond EOF returns empty list [v]
  count larger than remaining returns remaining lines [v]
  handles EOF access (last partial line returned) [v]
  handles chunk boundary for very long lines [v]
  negative index: last line only [v]
  negative index: last 3 lines [v]
  negative index: all lines via -n [v]
  negative index beyond file start returns partial [v]
  negative index with count exceeding available [v]
  negative access with partial forward index [v]
  negative access with fully-built forward index [v]
  forward access when backward table would overlap [v]
  forward access in range not covered by backward table [v]
  forward scan through potential convergence point [v]
  forward access with simulated backward table overlap [v]
  forward access when backward table exists but no overlap [v]
  convergence: forward then backward access [v]
  convergence: interleaved forward and backward [v]
  convergence: same region via positive and negative [v]
  large file with sparse access pattern [v]

  About to call getLines(-1) 1...
  getLines(-1) 1 on 20K line file took: 0s

  About to call getLines(-5) 5...
  Got: ["LINE19996","LINE19997","LINE19998","LINE19999","LINE20000"]
  fast tail access on large file without forward index [v]

Finished in 0.7561 seconds
23 examples, 0 failures



ha-file-viewer> Test suite ha-file-viewer-test passed
ha-file-viewer> test (suite: ha-file-viewer-test2)


HaFileViewer.LineMap2 (Unified Index)
  returns correct slice and supports negative indexing [v]
  returns empty list for empty file [v]
  start beyond EOF returns empty list [v]
  count larger than remaining returns remaining lines [v]
  handles EOF access (last partial line returned) [v]
  negative index: last line only [v]
  negative index: last 3 lines [v]
  negative index: all lines via -n [v]
  convergence: forward then backward access [v]
DEBUG: backIndexed=5958 lastBackOffset=143356 linesFromStart=14042 total=20000
DEBUG2: start=-1 total=20000 startPos=19999 baseLine=19456

  getLines(-1) 1 on 20K line file took: 0s
  fast tail access on large file without forward index [x]

Failures:

  test2\Spec.hs:131:10: 
  1) HaFileViewer.LineMap2 (Unified Index) fast tail access on large file without forward index
       expected: ["LINE20000"]
        but got: ["LINE2552"]

  To rerun use: --match "/HaFileViewer.LineMap2 (Unified Index)/fast tail access on large file without forward index/" --seed 847101906

Randomized with seed 847101906

Finished in 0.1526 seconds
10 examples, 1 failure



ha-file-viewer> Test suite ha-file-viewer-test2 failed
Completed 2 action(s).

Error: [S-7282]
       Stack failed to execute the build plan.
       
       While executing the build plan, Stack encountered the error:
       
       Error: [S-1995]
       Test suite failure for package ha-file-viewer-0.1.0.0
           ha-file-viewer-test2:  exited with: ExitFailure 1
       Logs printed to console
       
